
> my-v0-project@0.1.0 build
> next build

Γû▓ Next.js 16.1.3 (Turbopack)

  Creating an optimized production build ...
Γ£ô Compiled successfully in 4.7s
  Skipping validation of types
  Collecting page data using 7 workers ...
  Generating static pages using 7 workers (0/10) ...
node.exe : Error occurred prerendering 
page "/dashboard". Read more: https://n
extjs.org/docs/messages/prerender-error
At C:\Program Files\nodejs\npm.ps1:29 
char:3
+   & $NODE_EXE $NPM_CLI_JS $args
+   ~~~~~~~~~~~~~~~~~~~~~~~~~~~~~
    + CategoryInfo          : NotSpeci 
   fied: (Error occurred ...prerender  
  -error:String) [], RemoteException
    + FullyQualifiedErrorId : NativeCo 
   mmandError
 
Error: useCurrency must be used within 
a CurrencyProvider
    at g (B:\Nepo SMM\frontend\.next\se
rver\chunks\ssr\_be62e8f6._.js:1:8906)
    at D (B:\Nepo SMM\frontend\.next\se
rver\chunks\ssr\_a11a6a6a._.js:9:2252) 
{
  digest: '318237020'
}
Export encountered an error on 
/dashboard/page: /dashboard, exiting 
the build.
Γ¿» Next.js build worker exited with 
code: 1 and signal: null
